TAP version 13
# Subtest: automatic interval is bounded and does not change rendered revision identity
ok 1 - automatic interval is bounded and does not change rendered revision identity
  ---
  duration_ms: 3.3738
  type: 'test'
  ...
# Subtest: new client and navigation never enable automatic imports implicitly
ok 2 - new client and navigation never enable automatic imports implicitly
  ---
  duration_ms: 0.3018
  type: 'test'
  ...
# Subtest: cancelled enable confirmation performs no source requests or writes
ok 3 - cancelled enable confirmation performs no source requests or writes
  ---
  duration_ms: 0.2456
  type: 'test'
  ...
# Subtest: automatic checks import child changes, preserve manual text, and leave repeats unchanged
ok 4 - automatic checks import child changes, preserve manual text, and leave repeats unchanged
  ---
  duration_ms: 14.4877
  type: 'test'
  ...
# Subtest: an empty automatic selection succeeds quietly and schedules another check
ok 5 - an empty automatic selection succeeds quietly and schedules another check
  ---
  duration_ms: 0.3616
  type: 'test'
  ...
# Subtest: repeated start and frequent navigation do not add timers or postpone the deadline
ok 6 - repeated start and frequent navigation do not add timers or postpone the deadline
  ---
  duration_ms: 1.2338
  type: 'test'
  ...
# Subtest: navigation after throttling catches up once instead of replaying missed intervals
ok 7 - navigation after throttling catches up once instead of replaying missed intervals
  ---
  duration_ms: 1.2592
  type: 'test'
  ...
# Subtest: stopping invalidates even a callback already queued by the runtime
ok 8 - stopping invalidates even a callback already queued by the runtime
  ---
  duration_ms: 0.1799
  type: 'test'
  ...
# Subtest: stop during metadata reads prevents every note mutation
ok 9 - stop during metadata reads prevents every note mutation
  ---
  duration_ms: 0.6944
  type: 'test'
  ...
# Subtest: stop during a file download prevents note creation and upload
ok 10 - stop during a file download prevents note creation and upload
  ---
  duration_ms: 1.854
  type: 'test'
  ...
# Subtest: stop during a write completes the current reference and leaves subsequent references untouched
ok 11 - stop during a write completes the current reference and leaves subsequent references untouched
  ---
  duration_ms: 0.9261
  type: 'test'
  ...
# Subtest: opening configuration disarms automatic sync even when editing is cancelled
ok 12 - opening configuration disarms automatic sync even when editing is cancelled
  ---
  duration_ms: 0.437
  type: 'test'
  ...
# Subtest: settings changed through the host pause before source requests
ok 13 - settings changed through the host pause before source requests
  ---
  duration_ms: 0.1256
  type: 'test'
  ...
# Subtest: navigation compares refreshed settings without assuming app.settings updates synchronously
ok 14 - navigation compares refreshed settings without assuming app.settings updates synchronously
  ---
  duration_ms: 0.0801
  type: 'test'
  ...
# Subtest: timer polls do not reuse context-only methods after the originating action ends
ok 15 - timer polls do not reuse context-only methods after the originating action ends
  ---
  duration_ms: 0.9197
  type: 'test'
  ...
# Subtest: settings changed during a pending metadata request prevent writes
ok 16 - settings changed during a pending metadata request prevent writes
  ---
  duration_ms: 0.6419
  type: 'test'
  ...
# Subtest: automatic snapshot drift pauses before writing and does not retry on navigation
ok 17 - automatic snapshot drift pauses before writing and does not retry on navigation
  ---
  duration_ms: 0.421
  type: 'test'
  ...
# Subtest: rate limiting pauses the driver after one request with no automatic retry
ok 18 - rate limiting pauses the driver after one request with no automatic retry
  ---
  duration_ms: 0.2239
  type: 'test'
  ...
# Subtest: automatic errors redact the API key from alerts and returned status
ok 19 - automatic errors redact the API key from alerts and returned status
  ---
  duration_ms: 0.2179
  type: 'test'
  ...
# Subtest: a failed host alert cannot leave a retrying timer or locked plugin
ok 20 - a failed host alert cannot leave a retrying timer or locked plugin
  ---
  duration_ms: 0.1931
  type: 'test'
  ...
# Subtest: partial automatic failure keeps accurate counts and requires an explicit restart
ok 21 - partial automatic failure keeps accurate counts and requires an explicit restart
  ---
  duration_ms: 2.1922
  type: 'test'
  ...
# Subtest: a due automatic check defers quietly while a manual action owns the lock
ok 22 - a due automatic check defers quietly while a manual action owns the lock
  ---
  duration_ms: 0.9618
  type: 'test'
  ...
# Subtest: stop during the enable prompt invalidates a late affirmative response
ok 23 - stop during the enable prompt invalidates a late affirmative response
  ---
  duration_ms: 0.1694
  type: 'test'
  ...
# Subtest: configuration changes during enable confirmation cannot widen the accepted scope
ok 24 - configuration changes during enable confirmation cannot widen the accepted scope
  ---
  duration_ms: 0.0968
  type: 'test'
  ...
# Subtest: the generated bundle exposes navigation and executes the automatic import path
ok 25 - the generated bundle exposes navigation and executes the automatic import path
  ---
  duration_ms: 4.1358
  type: 'test'
  ...
# Subtest: file checksum matches RFC 1321 vectors and an independent implementation
ok 26 - file checksum matches RFC 1321 vectors and an independent implementation
  ---
  duration_ms: 56.0266
  type: 'test'
  ...
# Subtest: PDF download checks bytes even when ETag is unavailable
ok 27 - PDF download checks bytes even when ETag is unavailable
  ---
  duration_ms: 12.7665
  type: 'test'
  ...
# Subtest: missing or malformed cloud-file checksum stops before download
ok 28 - missing or malformed cloud-file checksum stops before download
  ---
  duration_ms: 0.388
  type: 'test'
  ...
# Subtest: fetch uses the browser global receiver rather than the Client instance
ok 29 - fetch uses the browser global receiver rather than the Client instance
  ---
  duration_ms: 0.9106
  type: 'test'
  ...
# Subtest: configuration rejects invalid identifiers and limits
ok 30 - configuration rejects invalid identifiers and limits
  ---
  duration_ms: 0.1988
  type: 'test'
  ...
# Subtest: selection combines collection, tag and type filters; excludes child objects
ok 31 - selection combines collection, tag and type filters; excludes child objects
  ---
  duration_ms: 0.1306
  type: 'test'
  ...
# Subtest: tag mapping retains source identity independently of destination tag
ok 32 - tag mapping retains source identity independently of destination tag
  ---
  duration_ms: 0.4894
  type: 'test'
  ...
# Subtest: HTML conversion preserves basic formatting and treats markup-like text literally
ok 33 - HTML conversion preserves basic formatting and treats markup-like text literally
  ---
  duration_ms: 0.4727
  type: 'test'
  ...
# Subtest: render includes metadata, notes, bibliography, attachment links and text annotations
ok 34 - render includes metadata, notes, bibliography, attachment links and text annotations
  ---
  duration_ms: 8.2782
  type: 'test'
  ...
# Subtest: revision changes when a child changes even if parent version does not
ok 35 - revision changes when a child changes even if parent version does not
  ---
  duration_ms: 0.739
  type: 'test'
  ...
# Subtest: pagination retrieves 101 items with documented sort and no key in URL
ok 36 - pagination retrieves 101 items with documented sort and no key in URL
  ---
  duration_ms: 0.8195
  type: 'test'
  ...
# Subtest: overlapping selected collections import each reference once
ok 37 - overlapping selected collections import each reference once
  ---
  duration_ms: 0.3974
  type: 'test'
  ...
# Subtest: maxItems overflow fails instead of returning a falsely complete selection
ok 38 - maxItems overflow fails instead of returning a falsely complete selection
  ---
  duration_ms: 0.2495
  type: 'test'
  ...
# Subtest: repeated pagination and changed library versions stop processing
ok 39 - repeated pagination and changed library versions stop processing
  ---
  duration_ms: 1.5005
  type: 'test'
  ...
# Subtest: rate limit pauses later calls and never retries automatically
ok 40 - rate limit pauses later calls and never retries automatically
  ---
  duration_ms: 0.2407
  type: 'test'
  ...
# Subtest: successful Backoff response is honored before the next request
ok 41 - successful Backoff response is honored before the next request
  ---
  duration_ms: 0.6366
  type: 'test'
  ...
# Subtest: details retrieves nested PDF annotations
ok 42 - details retrieves nested PDF annotations
  ---
  duration_ms: 0.349
  type: 'test'
  ...
# Subtest: file reader handles base64 and rejects oversized declared and streamed bodies
ok 43 - file reader handles base64 and rejects oversized declared and streamed bodies
  ---
  duration_ms: 0.4551
  type: 'test'
  ...
# Subtest: unexpected resource paths are rejected before any fetch
ok 44 - unexpected resource paths are rejected before any fetch
  ---
  duration_ms: 0.0764
  type: 'test'
  ...
# Subtest: first import creates one note; a repeat leaves content unchanged
ok 45 - first import creates one note; a repeat leaves content unchanged
  ---
  duration_ms: 16.7279
  type: 'test'
  ...
# Subtest: new revision preserves manual edits; reverting source still creates newest matching revision
ok 46 - new revision preserves manual edits; reverting source still creates newest matching revision
  ---
  duration_ms: 2.7474
  type: 'test'
  ...
# Subtest: child-only revisions update an existing reference
ok 47 - child-only revisions update an existing reference
  ---
  duration_ms: 1.2839
  type: 'test'
  ...
# Subtest: interrupted content write recovers the tagged empty note without duplication
ok 48 - interrupted content write recovers the tagged empty note without duplication
  ---
  duration_ms: 1.0415
  type: 'test'
  ...
# Subtest: host write without readback evidence is recorded as failed
ok 49 - host write without readback evidence is recorded as failed
  ---
  duration_ms: 0.6456
  type: 'test'
  ...
# Subtest: a historical revision does not verify a failed source-reversion write
ok 50 - a historical revision does not verify a failed source-reversion write
  ---
  duration_ms: 2.2623
  type: 'test'
  ...
# Subtest: a host that appends instead of prepending does not verify the current revision
ok 51 - a host that appends instead of prepending does not verify the current revision
  ---
  duration_ms: 0.9038
  type: 'test'
  ...
# Subtest: partial batch stops and counts remaining references as unattempted
ok 52 - partial batch stops and counts remaining references as unattempted
  ---
  duration_ms: 0.7257
  type: 'test'
  ...
# Subtest: preview and cancelled bulk sync make no note changes
ok 53 - preview and cancelled bulk sync make no note changes
  ---
  duration_ms: 0.4299
  type: 'test'
  ...
# Subtest: changed library metadata aborts before any note writes
ok 54 - changed library metadata aborts before any note writes
  ---
  duration_ms: 0.428
  type: 'test'
  ...
# Subtest: ambiguous or foreign record tags do not modify matching notes
ok 55 - ambiguous or foreign record tags do not modify matching notes
  ---
  duration_ms: 0.8906
  type: 'test'
  ...
# Subtest: optional PDF copy uses data URL upload; repeat does not upload again
ok 56 - optional PDF copy uses data URL upload; repeat does not upload again
  ---
  duration_ms: 2.6014
  type: 'test'
  ...
# Subtest: a changed PDF is rejected before note creation or upload
ok 57 - a changed PDF is rejected before note creation or upload
  ---
  duration_ms: 0.9211
  type: 'test'
  ...
# Subtest: attachment size failure occurs before creating a note
ok 58 - attachment size failure occurs before creating a note
  ---
  duration_ms: 0.7324
  type: 'test'
  ...
# Subtest: upload failure never records a completed content revision
ok 59 - upload failure never records a completed content revision
  ---
  duration_ms: 0.677
  type: 'test'
  ...
# Subtest: citation picker uses scalar responses and inserts formatted output once
ok 60 - citation picker uses scalar responses and inserts formatted output once
  ---
  duration_ms: 0.4195
  type: 'test'
  ...
# Subtest: bibliography preserves italics and handles unavailable insertion location
ok 61 - bibliography preserves italics and handles unavailable insertion location
  ---
  duration_ms: 0.3501
  type: 'test'
  ...
# Subtest: cancelled reference picker leaves the original selection unchanged
ok 62 - cancelled reference picker leaves the original selection unchanged
  ---
  duration_ms: 0.064
  type: 'test'
  ...
# Subtest: single-reference search imports and reuses one tagged note
ok 63 - single-reference search imports and reuses one tagged note
  ---
  duration_ms: 6.7053
  type: 'test'
  ...
# Subtest: cancelling the single-reference result chooser makes no note changes
ok 64 - cancelling the single-reference result chooser makes no note changes
  ---
  duration_ms: 0.2383
  type: 'test'
  ...
# Subtest: failed tagging on a repeat import is not counted as unchanged success
ok 65 - failed tagging on a repeat import is not counted as unchanged success
  ---
  duration_ms: 0.7203
  type: 'test'
  ...
# Subtest: configure accepts multiple inputs plus action index and rejects bad JSON
ok 66 - configure accepts multiple inputs plus action index and rejects bad JSON
  ---
  duration_ms: 0.3071
  type: 'test'
  ...
# Subtest: configuration blocks other actions until settings are saved or cancelled
ok 67 - configuration blocks other actions until settings are saved or cancelled
  ---
  duration_ms: 0.2253
  type: 'test'
  ...
# Subtest: a rejected configuration prompt releases the operation lock
ok 68 - a rejected configuration prompt releases the operation lock
  ---
  duration_ms: 0.1168
  type: 'test'
  ...
# Subtest: backoff persists across separate plugin actions
ok 69 - backoff persists across separate plugin actions
  ---
  duration_ms: 0.2177
  type: 'test'
  ...
# Subtest: host errors from another realm retain their message and redact credentials
ok 70 - host errors from another realm retain their message and redact credentials
  ---
  duration_ms: 0.5173
  type: 'test'
  ...
# Subtest: a concurrent action is refused and does not start another request
ok 71 - a concurrent action is refused and does not start another request
  ---
  duration_ms: 0.2271
  type: 'test'
  ...
# Subtest: built literal plugin evaluates and delegates an actual fixture import
ok 72 - built literal plugin evaluates and delegates an actual fixture import
  ---
  duration_ms: 5.0139
  type: 'test'
  ...
# Subtest: generated plugin preserves the native fetch receiver in the browser realm
ok 73 - generated plugin preserves the native fetch receiver in the browser realm
  ---
  duration_ms: 2.7519
  type: 'test'
  ...
# Subtest: generated browser bundle verifies a PDF before its native upload
ok 74 - generated browser bundle verifies a PDF before its native upload
  ---
  duration_ms: 2.9439
  type: 'test'
  ...
# Subtest: installation note contains only supported metadata keys and no repeated blank code lines
ok 75 - installation note contains only supported metadata keys and no repeated blank code lines
  ---
  duration_ms: 1.306
  type: 'test'
  ...
1..75
# tests 75
# suites 0
# pass 75
# fail 0
# cancelled 0
# skipped 0
# todo 0
# duration_ms 144.6075
